
> business-core@0.1.0 build
> next build

   Ôû▓ Next.js 15.1.0
   - Environments: .env.local

   Creating an optimized production build ...
 Ô£ô Compiled successfully
   Linting and checking validity of types ...
node.exe : 
Au caractère Ligne:1 : 1
+ & "D:\Program Files\nodejs/node.exe" "D:\Program Files\nodejs/node_mo ...
+ ~~~~~~~~~~~~~~~~~~~~~~~~~~~~~~~~~~~~~~~~~~~~~~~~~~~~~~~~~~~~~~~~~~~~~
    + CategoryInfo          : NotSpecified: (:String) [], RemoteException
    + FullyQualifiedErrorId : NativeCommandError
 
Failed to compile.

./app/(auth)/login/page.tsx
34:14  Warning: 'err' is defined but never used.  @typescript-eslint/no-unused-vars

./app/(auth)/register/page.tsx
58:14  Warning: 'err' is defined but never used.  @typescript-eslint/no-unused-vars

./app/api/adja/route.ts
39:17  Error: Unexpected any. Specify a different type.  @typescript-eslint/no-explicit-any

./app/carrieres/metier/[id]/page.tsx
90:13  Warning: Using `<img>` could result in slower LCP and higher bandwidth. Consider using `<Image />` from 
`next/image` or a custom image loader to automatically optimize images. This may incur additional usage or cost from 
your provider. See: https://nextjs.org/docs/messages/no-img-element  @next/next/no-img-element

./app/explorer/[id]/page.tsx
40:9  Warning: Using `<img>` could result in slower LCP and higher bandwidth. Consider using `<Image />` from 
`next/image` or a custom image loader to automatically optimize images. This may incur additional usage or cost from 
your provider. See: https://nextjs.org/docs/messages/no-img-element  @next/next/no-img-element

./app/formations/metier/[metierId]/formation/[formationId]/page.tsx
122:13  Warning: Using `<img>` could result in slower LCP and higher bandwidth. Consider using `<Image />` from 
`next/image` or a custom image loader to automatically optimize images. This may incur additional usage or cost from 
your provider. See: https://nextjs.org/docs/messages/no-img-element  @next/next/no-img-element

./app/formations/metier/[metierId]/page.tsx
105:13  Warning: Using `<img>` could result in slower LCP and higher bandwidth. Consider using `<Image />` from 
`next/image` or a custom image loader to automatically optimize images. This may incur additional usage or cost from 
your provider. See: https://nextjs.org/docs/messages/no-img-element  @next/next/no-img-element

./app/juniors/college/page.tsx
7:10  Warning: 'Button' is defined but never used.  @typescript-eslint/no-unused-vars

./app/juniors/lycee/page.tsx
7:10  Warning: 'Button' is defined but never used.  @typescript-eslint/no-unused-vars

./app/juniors/universite/page.tsx
7:10  Warning: 'Button' is defined but never used.  @typescript-eslint/no-unused-vars

./app/page.tsx
14:10  Warning: 'Badge' is defined but never used.  @typescript-eslint/no-unused-vars
15:10  Warning: 'getAllArticles' is defined but never used.  @typescript-eslint/no-unused-vars
15:26  Warning: 'getAllMetiers' is defined but never used.  @typescript-eslint/no-unused-vars
15:62  Warning: 'formatDate' is defined but never used.  @typescript-eslint/no-unused-vars

./components/layout/MainLayout.tsx
16:9  Warning: '_bgClass' is assigned a value but never used.  @typescript-eslint/no-unused-vars

./components/modules/carrieres/CarriereCard.tsx
27:11  Warning: Using `<img>` could result in slower LCP and higher bandwidth. Consider using `<Image />` from 
`next/image` or a custom image loader to automatically optimize images. This may incur additional usage or cost from 
your provider. See: https://nextjs.org/docs/messages/no-img-element  @next/next/no-img-element

./components/modules/formations/MetierCard.tsx
32:11  Warning: Using `<img>` could result in slower LCP and higher bandwidth. Consider using `<Image />` from 
`next/image` or a custom image loader to automatically optimize images. This may incur additional usage or cost from 
your provider. See: https://nextjs.org/docs/messages/no-img-element  @next/next/no-img-element

info  - Need to disable some ESLint rules? Learn more here: 
https://nextjs.org/docs/app/api-reference/config/eslint#disabling-rules
